four files written into /home/runner/work/_temp/rc-out/files/t from a dump for {"minute":57,"plus":0,"place":57,"side":"opp","own":false,"name":"João Pedro"} with digest b7ffc53c
